// Jest Snapshot v1, https://goo.gl/fbAQLP

exports[`renders Headline snapshot 1`] = `
.ccXnHE {
  font-size: 1.5em;
  -webkit-text-align: center;
  text-align: center;
  color: #000;
}

<h1
  className="sc-bdVaJa ccXnHE"
>
  Test
</h1>
`;
